npx : Failed to parse syntax 
of config file at "D:\Project W
ebApp\project-hrm\backend\prism
a.config.ts"
At line:1 char:1
+ npx prisma generate > 
error_log.txt 2>&1
+ ~~~~~~~~~~~~~~~~~~~~~~~~~~~~~
~~~~~~~~~~~
    + CategoryInfo          :  
   NotSpecified: (Failed to p  
  arse...isma.config.ts":Str   
 ing) [], RemoteException
    + FullyQualifiedErrorId :  
   NativeCommandError
 
